This is LuaHBTeX, Version 1.22.0 (TeX Live 2026/dev/Arch Linux)  (format=lualatex 2025.5.20)  28 JUL 2025 17:57
 restricted system commands enabled.
**memoria.tex
(./memoria.tex
LaTeX2e <2024-11-01> patch level 2
L3 programming layer <2025-01-18>
Lua module: luaotfload 2024-12-03 v3.29 Lua based OpenType font support
Lua module: lualibs 2023-07-13 v2.76 ConTeXt Lua standard libraries.
Lua module: lualibs-extended 2023-07-13 v2.76 ConTeXt Lua libraries -- extended 
collection.
luaotfload | conf : Root cache directory is "/home/szz/.texlive/texmf-var/luatex
-cache/generic/names".
luaotfload | init : Loading fontloader "fontloader-2023-12-28.lua" from kpse-res
olved path "/usr/share/texmf-dist/tex/luatex/luaotfload/fontloader-2023-12-28.lu
a".
Lua-only attribute luaotfload@noligature = 1
luaotfload | init : Context OpenType loader version 3.134
Inserting `luaotfload.node_processor' in `pre_linebreak_filter'.
Inserting `luaotfload.node_processor' in `hpack_filter'.
Inserting `luaotfload.glyph_stream' in `glyph_stream_provider'.
Inserting `luaotfload.define_font' in `define_font'.
Lua-only attribute luaotfload_color_attribute = 2
luaotfload | conf : Root cache directory is "/home/szz/.texlive/texmf-var/luatex
-cache/generic/names".
Inserting `luaotfload.harf.strip_prefix' in `find_opentype_file'.
Inserting `luaotfload.harf.strip_prefix' in `find_truetype_file'.
Removing  `luaotfload.glyph_stream' from `glyph_stream_provider'.
Inserting `luaotfload.harf.glyphstream' in `glyph_stream_provider'.
Inserting `luaotfload.harf.finalize_vlist' in `post_linebreak_filter'.
Inserting `luaotfload.harf.finalize_hlist' in `hpack_filter'.
Inserting `luaotfload.cleanup_files' in `wrapup_run'.
Inserting `luaotfload.harf.finalize_unicode' in `finish_pdffile'.
Inserting `luaotfload.glyphinfo' in `glyph_info'.
Lua-only attribute luaotfload.letterspace_done = 3
Inserting `luaotfload.aux.set_sscale_dimens' in `luaotfload.patch_font'.
Inserting `luaotfload.aux.set_font_index' in `luaotfload.patch_font'.
Inserting `luaotfload.aux.patch_cambria_domh' in `luaotfload.patch_font'.
Inserting `luaotfload.aux.fixup_fontdata' in `luaotfload.patch_font_unsafe'.
Inserting `luaotfload.aux.set_capheight' in `luaotfload.patch_font'.
Inserting `luaotfload.aux.set_xheight' in `luaotfload.patch_font'.
Inserting `luaotfload.rewrite_fontname' in `luaotfload.patch_font'.
Inserting `tracingstacklevels' in `input_level_string'. (/usr/share/texmf-dist/
tex/latex/base/report.cls
Document Class: report 2024/06/29 v1.4n Standard LaTeX document class
(/usr/share/texmf-dist/tex/latex/base/size11.clo
File: size11.clo 2024/06/29 v1.4n Standard LaTeX file (size option)
luaotfload | db : Font names database loaded from /home/szz/.texlive/texmf-var/l
uatex-cache/generic/names/luaotfload-names.luc.gz)
\c@part=\count194
\c@chapter=\count195
\c@section=\count196
\c@subsection=\count197
\c@subsubsection=\count198
\c@paragraph=\count199
\c@subparagraph=\count266
\c@figure=\count267
\c@table=\count268
\abovecaptionskip=\skip49
\belowcaptionskip=\skip50
\bibindent=\dimen140
)
(/usr/share/texmf-dist/tex/latex/lm/lmodern.sty
Package: lmodern 2015/05/01 v1.6.1 Latin Modern Fonts
LaTeX Font Info:    Overwriting symbol font `operators' in version `normal'
(Font)                  OT1/cmr/m/n --> OT1/lmr/m/n on input line 22.
LaTeX Font Info:    Overwriting symbol font `letters' in version `normal'
(Font)                  OML/cmm/m/it --> OML/lmm/m/it on input line 23.
LaTeX Font Info:    Overwriting symbol font `symbols' in version `normal'
(Font)                  OMS/cmsy/m/n --> OMS/lmsy/m/n on input line 24.
LaTeX Font Info:    Overwriting symbol font `largesymbols' in version `normal'
(Font)                  OMX/cmex/m/n --> OMX/lmex/m/n on input line 25.
LaTeX Font Info:    Overwriting symbol font `operators' in version `bold'
(Font)                  OT1/cmr/bx/n --> OT1/lmr/bx/n on input line 26.
LaTeX Font Info:    Overwriting symbol font `letters' in version `bold'
(Font)                  OML/cmm/b/it --> OML/lmm/b/it on input line 27.
LaTeX Font Info:    Overwriting symbol font `symbols' in version `bold'
(Font)                  OMS/cmsy/b/n --> OMS/lmsy/b/n on input line 28.
LaTeX Font Info:    Overwriting symbol font `largesymbols' in version `bold'
(Font)                  OMX/cmex/m/n --> OMX/lmex/m/n on input line 29.
LaTeX Font Info:    Overwriting math alphabet `\mathbf' in version `normal'
(Font)                  OT1/cmr/bx/n --> OT1/lmr/bx/n on input line 31.
LaTeX Font Info:    Overwriting math alphabet `\mathsf' in version `normal'
(Font)                  OT1/cmss/m/n --> OT1/lmss/m/n on input line 32.
LaTeX Font Info:    Overwriting math alphabet `\mathit' in version `normal'
(Font)                  OT1/cmr/m/it --> OT1/lmr/m/it on input line 33.
LaTeX Font Info:    Overwriting math alphabet `\mathtt' in version `normal'
(Font)                  OT1/cmtt/m/n --> OT1/lmtt/m/n on input line 34.
LaTeX Font Info:    Overwriting math alphabet `\mathbf' in version `bold'
(Font)                  OT1/cmr/bx/n --> OT1/lmr/bx/n on input line 35.
LaTeX Font Info:    Overwriting math alphabet `\mathsf' in version `bold'
(Font)                  OT1/cmss/bx/n --> OT1/lmss/bx/n on input line 36.
LaTeX Font Info:    Overwriting math alphabet `\mathit' in version `bold'
(Font)                  OT1/cmr/bx/it --> OT1/lmr/bx/it on input line 37.
LaTeX Font Info:    Overwriting math alphabet `\mathtt' in version `bold'
(Font)                  OT1/cmtt/m/n --> OT1/lmtt/m/n on input line 38.
)
(/usr/share/texmf-dist/tex/latex/base/inputenc.sty
Package: inputenc 2024/02/08 v1.3d Input encoding file
\inpenc@prehook=\toks17
\inpenc@posthook=\toks18


Package inputenc Warning: inputenc package ignored with utf8 based engines.

) (/usr/share/texmf-dist/tex/latex/base/fontenc.sty
Package: fontenc 2021/04/29 v2.0v Standard LaTeX package
LaTeX Font Info:    Trying to load font information for T1+lmr on input line 11
6.

(/usr/share/texmf-dist/tex/latex/lm/t1lmr.fd
File: t1lmr.fd 2015/05/01 v1.6.1 Font defs for Latin Modern
))
(/usr/share/texmf-dist/tex/latex/blindtext/blindtext.sty
Package: blindtext 2012/01/06 V2.0 blindtext-Package

(/usr/share/texmf-dist/tex/latex/tools/xspace.sty
Package: xspace 2014/10/28 v1.13 Space after command names (DPC,MH)
)
\c@blindtext=\count269
\c@Blindtext=\count270
\c@blind@countparstart=\count271
\blind@countxx=\count272
\blindtext@numBlindtext=\count273
\blind@countyy=\count274
\c@blindlist=\count275
\c@blindlistlevel=\count276
\c@blindlist@level=\count277
\blind@listitem=\count278
\c@blind@listcount=\count279
\c@blind@levelcount=\count280
\blind@mathformula=\count281
\blind@Mathformula=\count282
\c@blind@randomcount=\count283
\c@blind@randommax=\count284
\c@blind@pangramcount=\count285
\c@blind@pangrammax=\count286
)
(/usr/share/texmf-dist/tex/latex/tocvsec2/tocvsec2.sty
Package: tocvsec2 2014/03/10 v1.3a variable ToC section entries

(/usr/share/texmf-dist/tex/latex/base/ifthen.sty
Package: ifthen 2024/03/16 v1.1e Standard LaTeX ifthen package (DPC)
)
\c@max@tocdepth=\count287
\c@max@secnumdepth=\count288
)
(/usr/share/texmf-dist/tex/latex/psnfss/mathpazo.sty
Package: mathpazo 2020/03/25 PSNFSS-v9.3 Palatino w/ Pazo Math (D.Puga, WaS) 
\symupright=\mathgroup4
)
(/usr/share/texmf-dist/tex/latex/hyperref/hyperref.sty
Package: hyperref 2024-11-05 v7.01l Hypertext links for LaTeX

(/usr/share/texmf-dist/tex/generic/iftex/iftex.sty
Package: iftex 2024/12/12 v1.0g TeX engine tests
)
(/usr/share/texmf-dist/tex/latex/graphics/keyval.sty
Package: keyval 2022/05/29 v1.15 key=value parser (DPC)
\KV@toks@=\toks19
)
(/usr/share/texmf-dist/tex/latex/kvsetkeys/kvsetkeys.sty
Package: kvsetkeys 2022-10-05 v1.19 Key value parser (HO)
)
(/usr/share/texmf-dist/tex/generic/kvdefinekeys/kvdefinekeys.sty
Package: kvdefinekeys 2019-12-19 v1.6 Define keys (HO)
)
(/usr/share/texmf-dist/tex/generic/pdfescape/pdfescape.sty
Package: pdfescape 2019/12/09 v1.15 Implements pdfTeX's escape features (HO)

(/usr/share/texmf-dist/tex/generic/ltxcmds/ltxcmds.sty
Package: ltxcmds 2023-12-04 v1.26 LaTeX kernel commands for general use (HO)
)
(/usr/share/texmf-dist/tex/generic/pdftexcmds/pdftexcmds.sty
Package: pdftexcmds 2020-06-27 v0.33 Utility functions of pdfTeX for LuaTeX (HO
)

(/usr/share/texmf-dist/tex/generic/infwarerr/infwarerr.sty
Package: infwarerr 2019/12/03 v1.5 Providing info/warning/error messages (HO)
)
Package pdftexcmds Info: \pdf@primitive is available.
Package pdftexcmds Info: \pdf@ifprimitive is available.
Package pdftexcmds Info: \pdfdraftmode found.
\pdftexcmds@toks=\toks20
))
(/usr/share/texmf-dist/tex/latex/hycolor/hycolor.sty
Package: hycolor 2020-01-27 v1.10 Color options for hyperref/bookmark (HO)
)
(/usr/share/texmf-dist/tex/latex/hyperref/nameref.sty
Package: nameref 2023-11-26 v2.56 Cross-referencing by name of section

(/usr/share/texmf-dist/tex/latex/refcount/refcount.sty
Package: refcount 2019/12/15 v3.6 Data extraction from label references (HO)
)
(/usr/share/texmf-dist/tex/generic/gettitlestring/gettitlestring.sty
Package: gettitlestring 2019/12/15 v1.6 Cleanup title references (HO)

(/usr/share/texmf-dist/tex/latex/kvoptions/kvoptions.sty
Package: kvoptions 2022-06-15 v3.15 Key value format for package options (HO)
))
\c@section@level=\count289
)
(/usr/share/texmf-dist/tex/latex/etoolbox/etoolbox.sty
Package: etoolbox 2025/02/11 v2.5l e-TeX tools for LaTeX (JAW)
\etb@tempcnta=\count290
)
(/usr/share/texmf-dist/tex/generic/stringenc/stringenc.sty
Package: stringenc 2019/11/29 v1.12 Convert strings between diff. encodings (HO
)
)
\@linkdim=\dimen141
\Hy@linkcounter=\count291
\Hy@pagecounter=\count292

(/usr/share/texmf-dist/tex/latex/hyperref/pd1enc.def
File: pd1enc.def 2024-11-05 v7.01l Hyperref: PDFDocEncoding definition (HO)
)
(/usr/share/texmf-dist/tex/generic/intcalc/intcalc.sty
Package: intcalc 2019/12/15 v1.3 Expandable calculations with integers (HO)
)
\Hy@SavedSpaceFactor=\count293

(/usr/share/texmf-dist/tex/latex/hyperref/puenc.def
File: puenc.def 2024-11-05 v7.01l Hyperref: PDF Unicode definition (HO)
)
Package hyperref Info: Hyper figures OFF on input line 4157.
Package hyperref Info: Link nesting OFF on input line 4162.
Package hyperref Info: Hyper index ON on input line 4165.
Package hyperref Info: Plain pages OFF on input line 4172.
Package hyperref Info: Backreferencing OFF on input line 4177.
Package hyperref Info: Implicit mode ON; LaTeX internals redefined.
Package hyperref Info: Bookmarks ON on input line 4424.
\c@Hy@tempcnt=\count294

(/usr/share/texmf-dist/tex/latex/url/url.sty
\Urlmuskip=\muskip17
Package: url 2013/09/16  ver 3.4  Verb mode for urls, etc.
)
LaTeX Info: Redefining \url on input line 4763.
\XeTeXLinkMargin=\dimen142

(/usr/share/texmf-dist/tex/generic/bitset/bitset.sty
Package: bitset 2019/12/09 v1.3 Handle bit-vector datatype (HO)

(/usr/share/texmf-dist/tex/generic/bigintcalc/bigintcalc.sty
Package: bigintcalc 2019/12/15 v1.5 Expandable calculations on big integers (HO
)
))
\Fld@menulength=\count295
\Field@Width=\dimen143
\Fld@charsize=\dimen144
Package hyperref Info: Hyper figures OFF on input line 6042.
Package hyperref Info: Link nesting OFF on input line 6047.
Package hyperref Info: Hyper index ON on input line 6050.
Package hyperref Info: backreferencing OFF on input line 6057.
Package hyperref Info: Link coloring OFF on input line 6062.
Package hyperref Info: Link coloring with OCG OFF on input line 6067.
Package hyperref Info: PDF/A mode OFF on input line 6072.

(/usr/share/texmf-dist/tex/latex/base/atbegshi-ltx.sty
Package: atbegshi-ltx 2021/01/10 v1.0c Emulation of the original atbegshi
package with kernel methods
)
\Hy@abspage=\count296
\c@Item=\count297
\c@Hfootnote=\count298
)
Package hyperref Info: Driver (autodetected): hluatex.

(/usr/share/texmf-dist/tex/latex/hyperref/hluatex.def
File: hluatex.def 2024-11-05 v7.01l Hyperref driver for luaTeX

(/usr/share/texmf-dist/tex/latex/base/atveryend-ltx.sty
Package: atveryend-ltx 2020/08/19 v1.0a Emulation of the original atveryend pac
kage
with kernel methods
)
\Fld@listcount=\count299
\c@bookmark@seq@number=\count300

(/usr/share/texmf-dist/tex/latex/rerunfilecheck/rerunfilecheck.sty
Package: rerunfilecheck 2022-07-10 v1.10 Rerun checks for auxiliary files (HO)

(/usr/share/texmf-dist/tex/generic/uniquecounter/uniquecounter.sty
Package: uniquecounter 2019/12/15 v1.4 Provide unlimited unique counter (HO)
)
Package uniquecounter Info: New unique counter `rerunfilecheck' on input line 2
85.
)
\Hy@SectionHShift=\skip51
)
(/usr/share/texmf-dist/tex/latex/parskip/parskip.sty
Package: parskip 2021-03-14 v2.0h non-zero parskip adjustments
)
(/usr/share/texmf-dist/tex/latex/adjustbox/adjustbox.sty
Package: adjustbox 2025/02/26 v1.3c Adjusting TeX boxes (trim, clip, ...)

(/usr/share/texmf-dist/tex/latex/xkeyval/xkeyval.sty
Package: xkeyval 2022/06/16 v2.9 package option processing (HA)

(/usr/share/texmf-dist/tex/generic/xkeyval/xkeyval.tex
(/usr/share/texmf-dist/tex/generic/xkeyval/xkvutils.tex
\XKV@toks=\toks21
\XKV@tempa@toks=\toks22
)
\XKV@depth=\count301
File: xkeyval.tex 2014/12/03 v2.7a key=value parser (HA)
))
(/usr/share/texmf-dist/tex/latex/adjustbox/adjcalc.sty
Package: adjcalc 2012/05/16 v1.1 Provides advanced setlength with multiple back
-ends (calc, etex, pgfmath)
)
(/usr/share/texmf-dist/tex/latex/adjustbox/trimclip.sty
Package: trimclip 2025/02/21 v1.2a Trim and clip general TeX material

(/usr/share/texmf-dist/tex/latex/graphics/graphicx.sty
Package: graphicx 2021/09/16 v1.2d Enhanced LaTeX Graphics (DPC,SPQR)

(/usr/share/texmf-dist/tex/latex/graphics/graphics.sty
Package: graphics 2024/08/06 v1.4g Standard LaTeX Graphics (DPC,SPQR)

(/usr/share/texmf-dist/tex/latex/graphics/trig.sty
Package: trig 2023/12/02 v1.11 sin cos tan (DPC)
)
(/usr/share/texmf-dist/tex/latex/graphics-cfg/graphics.cfg
File: graphics.cfg 2016/06/04 v1.11 sample graphics configuration
)
Package graphics Info: Driver file: luatex.def on input line 106.

(/usr/share/texmf-dist/tex/latex/graphics-def/luatex.def
File: luatex.def 2024/04/13 v1.2e Graphics/color driver for luatex
))
\Gin@req@height=\dimen145
\Gin@req@width=\dimen146
)
(/usr/share/texmf-dist/tex/latex/collectbox/collectbox.sty
Package: collectbox 2022/10/17 v0.4c Collect macro arguments as boxes
\collectedbox=\box52
)
\tc@llx=\dimen147
\tc@lly=\dimen148
\tc@urx=\dimen149
\tc@ury=\dimen150
Package trimclip Info: Using driver 'tc-luatex.def'.

(/usr/share/texmf-dist/tex/latex/adjustbox/tc-luatex.def
File: tc-luatex.def 2025/02/26 v1.1 Clipping driver for luatex

(/usr/share/texmf-dist/tex/latex/adjustbox/tc-pdftex.def
File: tc-pdftex.def 2025/02/26 v2.3 Clipping driver for pdftex
)))
\adjbox@Width=\dimen151
\adjbox@Height=\dimen152
\adjbox@Depth=\dimen153
\adjbox@Totalheight=\dimen154
\adjbox@pwidth=\dimen155
\adjbox@pheight=\dimen156
\adjbox@pdepth=\dimen157
\adjbox@ptotalheight=\dimen158

(/usr/share/texmf-dist/tex/latex/ifoddpage/ifoddpage.sty
Package: ifoddpage 2022/10/18 v1.2 Conditionals for odd/even page detection
\c@checkoddpage=\count302
)
(/usr/share/texmf-dist/tex/latex/varwidth/varwidth.sty
Package: varwidth 2009/03/30 ver 0.92;  Variable-width minipages
\@vwid@box=\box53
\sift@deathcycles=\count303
\@vwid@loff=\dimen159
\@vwid@roff=\dimen160
))
(/usr/share/texmf-dist/tex/latex/geometry/geometry.sty
Package: geometry 2020/01/02 v5.9 Page Geometry

(/usr/share/texmf-dist/tex/generic/iftex/ifvtex.sty
Package: ifvtex 2019/10/25 v1.7 ifvtex legacy package. Use iftex instead.
)
\Gm@cnth=\count304
\Gm@cntv=\count305
\c@Gm@tempcnt=\count306
\Gm@bindingoffset=\dimen161
\Gm@wd@mp=\dimen162
\Gm@odd@mp=\dimen163
\Gm@even@mp=\dimen164
\Gm@layoutwidth=\dimen165
\Gm@layoutheight=\dimen166
\Gm@layouthoffset=\dimen167
\Gm@layoutvoffset=\dimen168
\Gm@dimlist=\toks23
)
(/usr/share/texmf-dist/tex/latex/float/float.sty
Package: float 2001/11/08 v1.3d Float enhancements (AL)
\c@float@type=\count307
\float@exts=\toks24
\float@box=\box54
\@float@everytoks=\toks25
\@floatcapt=\box55
)
(/usr/share/texmf-dist/tex/latex/caption/caption.sty
Package: caption 2023/08/05 v3.6o Customizing captions (AR)

(/usr/share/texmf-dist/tex/latex/caption/caption3.sty
Package: caption3 2023/07/31 v2.4d caption3 kernel (AR)
\caption@tempdima=\dimen169
\captionmargin=\dimen170
\caption@leftmargin=\dimen171
\caption@rightmargin=\dimen172
\caption@width=\dimen173
\caption@indent=\dimen174
\caption@parindent=\dimen175
\caption@hangindent=\dimen176
Package caption Info: Standard document class detected.
)
\c@caption@flags=\count308
\c@continuedfloat=\count309
Package caption Info: float package is loaded.
Package caption Info: hyperref package is loaded.
)
Package hyperref Info: Option `colorlinks' set `true' on input line 62.
LaTeX Font Info:    Trying to load font information for T1+ppl on input line 85
.

(/usr/share/texmf-dist/tex/latex/psnfss/t1ppl.fd
File: t1ppl.fd 2001/06/04 font definitions for T1/ppl.
)
(/usr/share/texmf-dist/tex/latex/l3backend/l3backend-luatex.def
File: l3backend-luatex.def 2024-05-08 L3 backend support: PDF output (LuaTeX)
\l__color_backend_stack_int=\count310
Inserting `l3color' in `luaotfload.parse_color'.
\l__pdf_internal_box=\box56
) (./memoria.aux

LaTeX Warning: Label `tab1' multiply defined.


LaTeX Warning: Label `tab4' multiply defined.

)
\openout1 = memoria.aux

LaTeX Font Info:    Checking defaults for OML/cmm/m/it on input line 85.
LaTeX Font Info:    ... okay on input line 85.
LaTeX Font Info:    Checking defaults for OMS/cmsy/m/n on input line 85.
LaTeX Font Info:    ... okay on input line 85.
LaTeX Font Info:    Checking defaults for OT1/cmr/m/n on input line 85.
LaTeX Font Info:    ... okay on input line 85.
LaTeX Font Info:    Checking defaults for T1/cmr/m/n on input line 85.
LaTeX Font Info:    ... okay on input line 85.
LaTeX Font Info:    Checking defaults for TS1/cmr/m/n on input line 85.
LaTeX Font Info:    ... okay on input line 85.
LaTeX Font Info:    Checking defaults for TU/lmr/m/n on input line 85.
LaTeX Font Info:    ... okay on input line 85.
LaTeX Font Info:    Checking defaults for OMX/cmex/m/n on input line 85.
LaTeX Font Info:    ... okay on input line 85.
LaTeX Font Info:    Checking defaults for U/cmr/m/n on input line 85.
LaTeX Font Info:    ... okay on input line 85.
LaTeX Font Info:    Checking defaults for PD1/pdf/m/n on input line 85.
LaTeX Font Info:    ... okay on input line 85.
LaTeX Font Info:    Checking defaults for PU/pdf/m/n on input line 85.
LaTeX Font Info:    ... okay on input line 85.
\big@size=\dimen177
 (/usr/share/texmf-dist/tex/latex/graphics/color.sty
Package: color 2024/06/23 v1.3e Standard LaTeX Color (DPC)

(/usr/share/texmf-dist/tex/latex/graphics-cfg/color.cfg
File: color.cfg 2016/01/02 v1.6 sample color configuration
)
Package color Info: Driver file: luatex.def on input line 149.

(/usr/share/texmf-dist/tex/latex/graphics/mathcolor.ltx))
Package hyperref Info: Link coloring ON on input line 85.
 (./memoria.out)
(./memoria.out)
\@outlinefile=\write3

\openout3 = memoria.out
 (/usr/share/texmf-dist/tex/context/base/mkii/supp-pdf.mkii
[Loading MPS to PDF converter (version 2006.09.02).]
\scratchcounter=\count311
\scratchdimen=\dimen178
\scratchbox=\box57
\nofMPsegments=\count312
\nofMParguments=\count313
\everyMPshowfont=\toks26
\MPscratchCnt=\count314
\MPscratchDim=\dimen179
\MPnumerator=\count315
\makeMPintoPDFobject=\count316
\everyMPtoPDFconversion=\toks27
) (/usr/share/texmf-dist/tex/latex/epstopdf-pkg/epstopdf-base.sty
Package: epstopdf-base 2020-01-24 v2.11 Base part for package epstopdf
Package epstopdf-base Info: Redefining graphics rule for `.eps' on input line 4
85.

(/usr/share/texmf-dist/tex/latex/latexconfig/epstopdf-sys.cfg
File: epstopdf-sys.cfg 2010/07/13 v1.3 Configuration of (r)epstopdf for TeX Liv
e
))
*geometry* driver: auto-detecting
*geometry* detected driver: luatex
*geometry* verbose mode - [ preamble ] result:
* driver: luatex
* paper: <default>
* layout: <same size as paper>
* layoutoffset:(h,v)=(0.0pt,0.0pt)
* modes: 
* h-part:(L,W,R)=(92.14519pt, 430.00462pt, 92.14519pt)
* v-part:(T,H,B)=(95.39737pt, 556.47656pt, 143.09605pt)
* \paperwidth=614.295pt
* \paperheight=794.96999pt
* \textwidth=430.00462pt
* \textheight=556.47656pt
* \oddsidemargin=19.8752pt
* \evensidemargin=19.8752pt
* \topmargin=-13.87262pt
* \headheight=12.0pt
* \headsep=25.0pt
* \topskip=11.0pt
* \footskip=30.0pt
* \marginparwidth=59.0pt
* \marginparsep=10.0pt
* \columnsep=10.0pt
* \skip\footins=10.0pt plus 4.0pt minus 2.0pt
* \hoffset=0.0pt
* \voffset=0.0pt
* \mag=1000
* \@twocolumnfalse
* \@twosidefalse
* \@mparswitchfalse
* \@reversemarginfalse
* (1in=72.27pt=25.4mm, 1cm=28.453pt)

Package caption Info: Begin \AtBeginDocument code.
Package caption Info: End \AtBeginDocument code.
LaTeX Font Info:    Trying to load font information for OT1+ppl on input line 1
27.
(/usr/share/texmf-dist/tex/latex/psnfss/ot1ppl.fd
File: ot1ppl.fd 2001/06/04 font definitions for OT1/ppl.
)
LaTeX Font Info:    Trying to load font information for OML+zplm on input line 
127.

(/usr/share/texmf-dist/tex/latex/psnfss/omlzplm.fd
File: omlzplm.fd 2002/09/08 Fontinst v1.914 font definitions for OML/zplm.
)
LaTeX Font Info:    Trying to load font information for OMS+zplm on input line 
127.

(/usr/share/texmf-dist/tex/latex/psnfss/omszplm.fd
File: omszplm.fd 2002/09/08 Fontinst v1.914 font definitions for OMS/zplm.
)
LaTeX Font Info:    Trying to load font information for OMX+zplm on input line 
127.

(/usr/share/texmf-dist/tex/latex/psnfss/omxzplm.fd
File: omxzplm.fd 2002/09/08 Fontinst v1.914 font definitions for OMX/zplm.
)
LaTeX Font Info:    Trying to load font information for OT1+zplm on input line 
127.

(/usr/share/texmf-dist/tex/latex/psnfss/ot1zplm.fd
File: ot1zplm.fd 2002/09/08 Fontinst v1.914 font definitions for OT1/zplm.
)

[1

{/var/lib/texmf/fonts/map/pdftex/updmap/pdftex.map}] (./memoria.toc)
\tf@toc=\write4

\openout4 = memoria.toc



warning  (pdf backend): ignoring duplicate destination with the name 'page.1'
[1

]

[2


Missing character: There is no — (U+2014) in font pplr8t!
]
Overfull \hbox (9.73122pt too wide) in paragraph at lines 176--177
[]\T1/ppl/m/n/10.95 We be-gin by work-ing with the Hu-man Sleep Project dataset [[]], de-vel-oped by Mas-sachusetts
 []



[3

]
LaTeX Font Info:    Trying to load font information for TS1+ppl on input line 1
87.
 (/usr/share/texmf-dist/tex/latex/psnfss/ts1ppl.fd
File: ts1ppl.fd 2001/06/04 font definitions for TS1/ppl.
)

[4]

[5

]

[6]

[7

]
Overfull \hbox (35.66017pt too wide) in paragraph at lines 229--230
[]\T1/ppl/m/n/10.95 The long-term con-se-quences of chronic noise-induced sleep dis-rup-tion are also well-documented.
 []



[8]

[9

]
Overfull \hbox (19.15857pt too wide) in paragraph at lines 244--245
\T1/ppl/m/n/10.95 M1, EKG, F3-M2, F4-M1, HR, IC, LAT, LEAK, O1-M2, O2-M1, PTAF, RAT, SNORE, SaO2 
 []



[10]

[11]
*geometry* verbose mode - [ newgeometry ] result:
* driver: luatex
* paper: <default>
* layout: <same size as paper>
* layoutoffset:(h,v)=(0.0pt,0.0pt)
* modes: 
* h-part:(L,W,R)=(42.67912pt, 479.47069pt, 92.14519pt)
* v-part:(T,H,B)=(14.22636pt, 738.0645pt, 42.67912pt)
* \paperwidth=614.295pt
* \paperheight=794.96999pt
* \textwidth=479.47069pt
* \textheight=738.0645pt
* \oddsidemargin=-29.59087pt
* \evensidemargin=-29.59087pt
* \topmargin=-95.04362pt
* \headheight=12.0pt
* \headsep=25.0pt
* \topskip=11.0pt
* \footskip=30.0pt
* \marginparwidth=59.0pt
* \marginparsep=10.0pt
* \columnsep=10.0pt
* \skip\footins=10.0pt plus 4.0pt minus 2.0pt
* \hoffset=0.0pt
* \voffset=0.0pt
* \mag=1000
* \@twocolumnfalse
* \@twosidefalse
* \@mparswitchfalse
* \@reversemarginfalse
* (1in=72.27pt=25.4mm, 1cm=28.453pt)


Overfull \hbox (80.31444pt too wide) in paragraph at lines 335--359
 [] 
 []



[12

]

[13

]

[14]
Overfull \hbox (14.22003pt too wide) in paragraph at lines 409--410
[]\T1/ppl/m/n/10.95 To-gether, these neu-ral net-work ar-chi-tec-tures -namely, Fully Con-vo-lu-tional Net-works (FCNs),
 []


Overfull \hbox (5.59152pt too wide) in paragraph at lines 411--412
[]\T1/ppl/m/n/10.95 Es-tab-lish-ing a mean-ing-ful re-la-tion-ship be-tween the Hu-man Sleep Project (a clin-i-cal dataset)
 []



[15

]
Overfull \hbox (1.0257pt too wide) in paragraph at lines 413--414
[]\T1/ppl/m/n/10.95 To per-form this task, deep learn-ing -particularly neu-ral networks- of-fers a pow-er-ful frame-
 []



[16]
<figs/fcn.png, id=197, 1201.48875pt x 3986.895pt>
File: figs/fcn.png Graphic file (type png)
<use figs/fcn.png>
Package luatex.def Info: figs/fcn.png  used on input line 434.
(luatex.def)             Requested size: 120.15591pt x 398.71286pt.


[17<./figs/fcn.png>]
<figs/fcn-lstm.png, id=207, 1201.48875pt x 2971.1pt>
File: figs/fcn-lstm.png Graphic file (type png)
<use figs/fcn-lstm.png>
Package luatex.def Info: figs/fcn-lstm.png  used on input line 466.
(luatex.def)             Requested size: 120.15591pt x 297.12741pt.


[18]

[19<./figs/fcn-lstm.png>]
<figs/mlp.png, id=225, 1437.37pt x 1616.0375pt>
File: figs/mlp.png Graphic file (type png)
<use figs/mlp.png>
Package luatex.def Info: figs/mlp.png  used on input line 488.
(luatex.def)             Requested size: 287.4689pt x 323.20177pt.


[20<./figs/mlp.png>]

[21]

[22
Missing character: There is no ’ (U+2019) in font pplr8t!
]
Overfull \hbox (3.42079pt too wide) in paragraph at lines 521--522
\T1/ppl/m/n/10.95 am-bi-ent noise record-ings col-lected from sub-jects in their
 nat-u-ral sleep en-vi-ron-ments. 
 []



[23

]

[24]
<figs/cm.png, id=250, 1269.0612pt x 721.9773pt>
File: figs/cm.png Graphic file (type png)
<use figs/cm.png>
Package luatex.def Info: figs/cm.png  used on input line 570.
(luatex.def)             Requested size: 634.52905pt x 360.98776pt.

Overfull \hbox (90.71341pt too wide) in paragraph at lines 570--571
[]| [] 
 []



[25]
Overfull \hbox (5.39401pt too wide) in paragraph at lines 575--576
[]\T1/ppl/m/n/10.95 The con-fu-sion ma-trix clearly il-lus-trates that the clas-
si-fier strug-gles with the Sleep_stage_N1
 []



[26<./figs/cm.png>]
<figs/cm-da-max.png, id=260, 971.3088pt x 628.0263pt>
File: figs/cm-da-max.png Graphic file (type png)
<use figs/cm-da-max.png>
Package luatex.def Info: figs/cm-da-max.png  used on input line 588.
(luatex.def)             Requested size: 485.65321pt x 314.01237pt.

Overfull \hbox (55.64859pt too wide) in paragraph at lines 588--589
 [][] 
 []



[27<./figs/cm-da-max.png>]
<figs/cm-da-mean.png, id=269, 1004.553pt x 654.7662pt>
File: figs/cm-da-mean.png Graphic file (type png)
<use figs/cm-da-mean.png>
Package luatex.def Info: figs/cm-da-mean.png  used on input line 599.
(luatex.def)             Requested size: 502.27527pt x 327.3823pt.

Overfull \hbox (72.27065pt too wide) in paragraph at lines 599--600
 [][] 
 []



[28]
<figs/cm-da-all.png, id=276, 1154.8746pt x 677.8926pt>
File: figs/cm-da-all.png Graphic file (type png)
<use figs/cm-da-all.png>
Package luatex.def Info: figs/cm-da-all.png  used on input line 610.
(luatex.def)             Requested size: 577.43588pt x 338.94547pt.

Overfull \hbox (90.52576pt too wide) in paragraph at lines 610--611
 []| [] 
 []



[29
Missing character: There is no ’ (U+2019) in font pplr8t!
<./figs/cm-da-mean.png>]

[30<./figs/cm-da-all.png>]
<figs/cm-clustering.png, id=293, 1105.731pt x 763.1712pt>
File: figs/cm-clustering.png Graphic file (type png)
<use figs/cm-clustering.png>
Package luatex.def Info: figs/cm-clustering.png  used on input line 647.
(luatex.def)             Requested size: 464.40385pt x 320.52972pt.

Overfull \hbox (5.94649pt too wide) in paragraph at lines 647--648
 []| [] 
 []



[31]

[32<./figs/cm-clustering.png>]
Overfull \hbox (41.15408pt too wide) in paragraph at lines 661--662
\T1/ppl/m/n/10.95 be-haviour and dis-tur-bances, lever-ag-ing the strengths of 
both clin-i-cal and eco-log-i-cal datasets. 
 []



[33

]

[34]
<figs/silhouette.png, id=318, 1300.86pt x 505.89pt>
File: figs/silhouette.png Graphic file (type png)
<use figs/silhouette.png>
Package luatex.def Info: figs/silhouette.png  used on input line 683.
(luatex.def)             Requested size: 650.42842pt x 252.94437pt.

Overfull \hbox (106.61278pt too wide) in paragraph at lines 683--684
 []| [] 
 []

<figs/se_clusters.png, id=319, 1937.5587pt x 603.4545pt>
File: figs/se_clusters.png Graphic file (type png)
<use figs/se_clusters.png>
Package luatex.def Info: figs/se_clusters.png  used on input line 694.
(luatex.def)             Requested size: 775.00977pt x 241.37752pt.


[35<./figs/silhouette.png>]
Overfull \vbox (99.86942pt too high) has occurred while \output is active []



[36<./figs/se_clusters.png>]
<figs/sleep_percentages.png, id=333, 1754.7156pt x 1230.0354pt>
File: figs/sleep_percentages.png Graphic file (type png)
<use figs/sleep_percentages.png>
Package luatex.def Info: figs/sleep_percentages.png  used on input line 720.
(luatex.def)             Requested size: 526.41875pt x 369.01347pt.


[37]

[38<./figs/sleep_percentages.png>]
Overfull \hbox (20.91844pt too wide) in paragraph at lines 745--746
\T1/ppl/m/n/10.95 quar-tile im-plies that many in-di-vid-u-als in this group ach
ieve even more restora-tive sleep. 
 []

<figs/db_clusters.png, id=348, 1568.259pt x 475.5366pt>
File: figs/db_clusters.png Graphic file (type png)
<use figs/db_clusters.png>
Package luatex.def Info: figs/db_clusters.png  used on input line 770.
(luatex.def)             Requested size: 784.1276pt x 237.76772pt.


[39]

[40]
Overfull \vbox (108.98724pt too high) has occurred while \output is active []



[41<./figs/db_clusters.png>]

[42
Missing character: There is no   (U+202F) in font pplr8t!
Missing character: There is no   (U+202F) in font pplr8t!
Missing character: There is no   (U+202F) in font pplr8t!
Missing character: There is no   (U+202F) in font pplr8t!
Missing character: There is no   (U+202F) in font pplr8t!
Missing character: There is no   (U+202F) in font pplr8t!
Missing character: There is no   (U+202F) in font pplr8t!
]

[43]

[44

]

[45]
Overfull \hbox (4.65004pt too wide) in paragraph at lines 818--819
[]\T1/ppl/m/n/10.95 An-other di-rec-tion for fu-ture work in-volves ex-pand-ing and en-rich-ing the Sound-less dataset.
 []



[46

]
Overfull \hbox (0.6646pt too wide) in paragraph at lines 829--830
[]\T1/ppl/m/n/10.95 Analysing frequency-specific noise ef-fects on sleep us-ing high-resolution au-dio data. 
 []



[47]

[48

]
Underfull \hbox (badness 10000) in paragraph at lines 856--857
[]\T1/ppl/m/n/10.95 Time se-ries clas-si-fi-ca-tion, avail-able at: https://kera
s.io/ex-am-ples/time-
 []


Underfull \hbox (badness 10000) in paragraph at lines 859--860
[]\T1/ppl/m/n/10.95 Long short-term mem-ory, Wikipedia, avail-able at:
 []


Underfull \hbox (badness 10000) in paragraph at lines 862--863
[]\T1/ppl/m/n/10.95 Multi Layer Per-cep-tron, Wikipedia, avail-able at:
 []


Underfull \hbox (badness 10000) in paragraph at lines 868--869
[]\T1/ppl/m/n/10.95 Clin-i-cal Polysomnog-ra-phy, Clin-i-cal Gate, avail-able at
: https://clin-i-cal-
 []



[49


Missing character: There is no – (U+2013) in font pplr8t!
Missing character: There is no – (U+2013) in font pplr8t!
]
Underfull \hbox (badness 6592) in paragraph at lines 916--917
[]\T1/ppl/m/n/10.95 Zhiguang Wang, Weizhong Yan & Tim Oates. Time Se-ries Clas-s
i-fi-ca-tion
 []


Underfull \hbox (badness 2384) in paragraph at lines 916--917
\T1/ppl/m/n/10.95 from Scratch with Deep Neu-ral Net-works: A Strong Base-line. Avail-able at:
 []



[50
Missing character: There is no – (U+2013) in font pplr8t!
Missing character: There is no – (U+2013) in font pplr8t!
Missing character: There is no – (U+2013) in font pplr8t!
Missing character: There is no – (U+2013) in font pplr8t!
Missing character: There is no – (U+2013) in font pplr8t!
Missing character: There is no – (U+2013) in font pplr8t!
Missing character: There is no – (U+2013) in font pplr8t!
]

[51] (./memoria.aux)
 ***********
LaTeX2e <2024-11-01> patch level 2
L3 programming layer <2025-01-18>
 ***********


LaTeX Warning: There were multiply-defined labels.

Package rerunfilecheck Info: File `memoria.out' has not changed.
(rerunfilecheck)             Checksum: AC563C08C21CC716122BCBD3C6B3AD6D;2772.
)

Here is how much of LuaTeX's memory you used:
 13116 strings out of 475506
 125056,794899 words of node,token memory allocated
 4778 words of node memory still in use:
   3 hlist, 1 vlist, 1 rule, 2 glue, 708 kern, 1 glyph, 212 attribute, 51 glue_s
pec, 212 attribute_list, 1 write nodes
   avail lists: 2:422,3:424,4:156,5:167,6:142,7:7596,8:10,9:1180,10:10,11:649
 35585 multiletter control sequences out of 65536+600000
 97 fonts using 6380511 bytes
 86i,12n,115p,1046b,536s stack positions out of 10000i,1000n,20000p,200000b,200000s
{/usr/share/texmf-dist/fonts/enc/dvips/base/8r.enc}</usr/share/texmf-dist/fonts/
type1/public/amsfonts/cm/cmr10.pfb></usr/share/texmf-dist/fonts/type1/public/ams
fonts/cm/cmsy10.pfb></usr/share/texmf-dist/fonts/type1/urw/palatino/uplb8a.pfb><
/usr/share/texmf-dist/fonts/type1/urw/palatino/uplr8a.pfb></usr/share/texmf-dist
/fonts/type1/urw/palatino/uplri8a.pfb>
Output written on memoria.pdf (52 pages, 1120558 bytes).

PDF statistics: 447 PDF objects out of 1000 (max. 8388607)
 360 compressed objects within 4 object streams
 115 named destinations out of 1000 (max. 131072)
 137 words of extra memory for PDF output out of 10000 (max. 100000000)

